../08_unicycler/PRT1.unicycler.assembly.fasta	../08_unicycler/PRT1.unicycler.assembly.fasta	100	1531	1532
../08_unicycler/PRT1.unicycler.assembly.fasta	../08_unicycler/PRT2.unicycler.assembly.fasta	99.9997	1532	1532
../08_unicycler/PRT1.unicycler.assembly.fasta	../08_unicycler/PRT5.unicycler.assembly.fasta	99.9982	1529	1532
../08_unicycler/PRT1.unicycler.assembly.fasta	../01_genomes/ZRIMU1702DQ_brasiliense.fasta	98.3537	1477	1532
../08_unicycler/PRT1.unicycler.assembly.fasta	../01_genomes/CFIA1001_brasiliense.fasta	97.5414	1445	1532
../08_unicycler/PRT1.unicycler.assembly.fasta	../01_genomes/IPO:4062_NAK:237_brasiliense.fasta	97.5192	1452	1532
../08_unicycler/PRT1.unicycler.assembly.fasta	../01_genomes/IPO:4073_NAK:248_brasiliense.fasta	97.4883	1436	1532
../08_unicycler/PRT1.unicycler.assembly.fasta	../01_genomes/1950-11_brasiliense.fasta	97.4709	1432	1532
../08_unicycler/PRT1.unicycler.assembly.fasta	../01_genomes/NY1563A_brasiliense.fasta	97.4665	1375	1532
../08_unicycler/PRT1.unicycler.assembly.fasta	../01_genomes/IPO:4064_NAK:242_brasiliense.fasta	97.4586	1450	1532
../08_unicycler/PRT1.unicycler.assembly.fasta	../01_genomes/NAK:254_brasiliense.fasta	97.4536	1413	1532
../08_unicycler/PRT1.unicycler.assembly.fasta	../01_genomes/F157_brasiliense.fasta	97.4485	1428	1532
../08_unicycler/PRT1.unicycler.assembly.fasta	../01_genomes/IPO:3630_brasiliense.fasta	97.4478	1412	1532
../08_unicycler/PRT1.unicycler.assembly.fasta	../01_genomes/NAK700_brasiliense.fasta	97.4465	1418	1532
../08_unicycler/PRT1.unicycler.assembly.fasta	../01_genomes/IPO:4132_NAK:239_brasiliense.fasta	97.441	1446	1532
../08_unicycler/PRT1.unicycler.assembly.fasta	../01_genomes/NAK:250_brasiliense.fasta	97.4335	1430	1532
../08_unicycler/PRT1.unicycler.assembly.fasta	../01_genomes/Y65_brasiliense.fasta	97.4279	1424	1532
../08_unicycler/PRT1.unicycler.assembly.fasta	../01_genomes/IPO:3844_NAK:382_JGAR:12_brasiliense.fasta	97.4207	1447	1532
../08_unicycler/PRT1.unicycler.assembly.fasta	../01_genomes/NAK727_brasiliense.fasta	97.4132	1437	1532
../08_unicycler/PRT1.unicycler.assembly.fasta	../01_genomes/NJAU21_brasiliense.fasta	97.4125	1435	1532
../08_unicycler/PRT1.unicycler.assembly.fasta	../01_genomes/NAK679_brasiliense.fasta	97.4113	1456	1532
../08_unicycler/PRT1.unicycler.assembly.fasta	../01_genomes/NAK716_brasiliense.fasta	97.4036	1464	1532
../08_unicycler/PRT1.unicycler.assembly.fasta	../01_genomes/NY1453A_brasiliense.fasta	97.3976	1406	1532
../08_unicycler/PRT1.unicycler.assembly.fasta	../01_genomes/IPO:3649_NAK:55_brasiliense.fasta	97.3921	1443	1532
../08_unicycler/PRT1.unicycler.assembly.fasta	../01_genomes/BL-2_brasiliense.fasta	97.3904	1426	1532
../08_unicycler/PRT1.unicycler.assembly.fasta	../01_genomes/NAK:434_brasiliense.fasta	97.39	1416	1532
../08_unicycler/PRT1.unicycler.assembly.fasta	../01_genomes/IPO:4058_NAK:235_brasiliense.fasta	97.3872	1425	1532
../08_unicycler/PRT1.unicycler.assembly.fasta	../01_genomes/IPO:4067_NAK:257_brasiliense.fasta	97.3836	1436	1532
../08_unicycler/PRT1.unicycler.assembly.fasta	../01_genomes/ZLMLSHJ5_brasiliense.fasta	97.3653	1426	1532
../08_unicycler/PRT1.unicycler.assembly.fasta	../01_genomes/NJAU130_brasiliense.fasta	97.3639	1396	1532
../08_unicycler/PRT1.unicycler.assembly.fasta	../01_genomes/WZZ2024_brasiliense.fasta	97.3632	1424	1532
../08_unicycler/PRT1.unicycler.assembly.fasta	../01_genomes/NAK:435_brasiliense.fasta	97.3604	1427	1532
../08_unicycler/PRT1.unicycler.assembly.fasta	../01_genomes/NAK:245_brasiliense.fasta	97.3592	1411	1532
../08_unicycler/PRT1.unicycler.assembly.fasta	../01_genomes/NAK:396_brasiliense.fasta	97.3583	1436	1532
../08_unicycler/PRT1.unicycler.assembly.fasta	../01_genomes/IPO:0821_SCRI:133_brasiliense.fasta	97.3569	1430	1532
../08_unicycler/PRT1.unicycler.assembly.fasta	../01_genomes/A1_brasiliense.fasta	97.3563	1314	1532
../08_unicycler/PRT1.unicycler.assembly.fasta	../01_genomes/1Aia_d_brasiliense.fasta	97.3483	1422	1532
../08_unicycler/PRT1.unicycler.assembly.fasta	../01_genomes/CFBP5381_brasiliense.fasta	97.3452	1403	1532
../08_unicycler/PRT1.unicycler.assembly.fasta	../01_genomes/PD_6952_brasiliense.fasta	97.3441	1409	1532
../08_unicycler/PRT1.unicycler.assembly.fasta	../01_genomes/1Aia_brasiliense.fasta	97.3435	1425	1532
../08_unicycler/PRT1.unicycler.assembly.fasta	../01_genomes/BS1113_brasiliense.fasta	97.343	1444	1532
../08_unicycler/PRT1.unicycler.assembly.fasta	../01_genomes/NJAU132_brasiliense.fasta	97.3391	1418	1532
../08_unicycler/PRT1.unicycler.assembly.fasta	../01_genomes/NAK:466_brasiliense.fasta	97.3374	1423	1532
../08_unicycler/PRT1.unicycler.assembly.fasta	../01_genomes/BSROG1CAUL_A_brasiliense.fasta	97.3343	1427	1532
../08_unicycler/PRT1.unicycler.assembly.fasta	../01_genomes/HNP201719_brasiliense.fasta	97.3327	1420	1532
../08_unicycler/PRT1.unicycler.assembly.fasta	../01_genomes/IPO:4056_NAK:264_GBBC:1756_brasiliense.fasta	97.327	1420	1532
../08_unicycler/PRT1.unicycler.assembly.fasta	../01_genomes/NAK709_brasiliense.fasta	97.3268	1439	1532
../08_unicycler/PRT1.unicycler.assembly.fasta	../01_genomes/PD_8610_brasiliense.fasta	97.326	1428	1532
../08_unicycler/PRT1.unicycler.assembly.fasta	../01_genomes/CFIA1009_brasiliense.fasta	97.3198	1407	1532
../08_unicycler/PRT1.unicycler.assembly.fasta	../01_genomes/Y64_brasiliense.fasta	97.3192	1416	1532
../08_unicycler/PRT1.unicycler.assembly.fasta	../01_genomes/Y60_brasiliense.fasta	97.3192	1416	1532
../08_unicycler/PRT1.unicycler.assembly.fasta	../01_genomes/NAK641_brasiliense.fasta	97.3186	1426	1532
../08_unicycler/PRT1.unicycler.assembly.fasta	../01_genomes/JGAR-120719-4_brasiliense.fasta	97.317	1421	1532
../08_unicycler/PRT1.unicycler.assembly.fasta	../01_genomes/NJAU170_brasiliense.fasta	97.3165	1450	1532
../08_unicycler/PRT1.unicycler.assembly.fasta	../01_genomes/NAK:252_brasiliense.fasta	97.3132	1426	1532
../08_unicycler/PRT1.unicycler.assembly.fasta	../01_genomes/NAK:432_brasiliense.fasta	97.3119	1416	1532
../08_unicycler/PRT1.unicycler.assembly.fasta	../01_genomes/CFBP3230_brasiliense.fasta	97.3107	1402	1532
../08_unicycler/PRT1.unicycler.assembly.fasta	../01_genomes/Y52_brasiliense.fasta	97.3106	1425	1532
../08_unicycler/PRT1.unicycler.assembly.fasta	../01_genomes/NAK683_brasiliense.fasta	97.3098	1423	1532
../08_unicycler/PRT1.unicycler.assembly.fasta	../01_genomes/NJAU131_brasiliense.fasta	97.3065	1443	1532
../08_unicycler/PRT1.unicycler.assembly.fasta	../01_genomes/NAK673_brasiliense.fasta	97.3048	1426	1532
../08_unicycler/PRT1.unicycler.assembly.fasta	../01_genomes/JGAR-030718-1_brasiliense.fasta	97.3035	1425	1532
../08_unicycler/PRT1.unicycler.assembly.fasta	../01_genomes/JGAR-080719-2_brasiliense.fasta	97.2997	1426	1532
../08_unicycler/PRT1.unicycler.assembly.fasta	../01_genomes/NAK644_brasiliense.fasta	97.2996	1425	1532
../08_unicycler/PRT1.unicycler.assembly.fasta	../01_genomes/NAK617_brasiliense.fasta	97.2975	1431	1532
../08_unicycler/PRT1.unicycler.assembly.fasta	../01_genomes/NAK638_brasiliense.fasta	97.2965	1431	1532
../08_unicycler/PRT1.unicycler.assembly.fasta	../01_genomes/F152_brasiliense.fasta	97.296	1425	1532
../08_unicycler/PRT1.unicycler.assembly.fasta	../01_genomes/NAK616_brasiliense.fasta	97.2936	1426	1532
../08_unicycler/PRT1.unicycler.assembly.fasta	../01_genomes/BF45_brasiliense.fasta	97.2931	1409	1532
../08_unicycler/PRT1.unicycler.assembly.fasta	../01_genomes/NK5_brasiliense.fasta	97.2927	1421	1532
../08_unicycler/PRT1.unicycler.assembly.fasta	../01_genomes/IPO:3711_NAK:381_brasiliense.fasta	97.2917	1423	1532
../08_unicycler/PRT1.unicycler.assembly.fasta	../01_genomes/NAK650_brasiliense.fasta	97.2897	1427	1532
../08_unicycler/PRT1.unicycler.assembly.fasta	../01_genomes/JGAR-100719-1_brasiliense.fasta	97.2896	1423	1532
../08_unicycler/PRT1.unicycler.assembly.fasta	../01_genomes/ZRIMU1701SM_brasiliense.fasta	97.2842	1426	1532
../08_unicycler/PRT1.unicycler.assembly.fasta	../01_genomes/IPO:4135_NAK:383_brasiliense.fasta	97.28	1428	1532
../08_unicycler/PRT1.unicycler.assembly.fasta	../01_genomes/L25F-74_brasiliense.fasta	97.28	1429	1532
../08_unicycler/PRT1.unicycler.assembly.fasta	../01_genomes/NAK:397_brasiliense.fasta	97.2783	1426	1532
../08_unicycler/PRT1.unicycler.assembly.fasta	../01_genomes/CFBP7357_brasiliense.fasta	97.2777	1438	1532
../08_unicycler/PRT1.unicycler.assembly.fasta	../01_genomes/IPO:4131_NAK:399_JGAR:16_180717-4_brasiliense.fasta	97.2775	1425	1532
../08_unicycler/PRT1.unicycler.assembly.fasta	../01_genomes/NAK:431_brasiliense.fasta	97.2759	1419	1532
../08_unicycler/PRT1.unicycler.assembly.fasta	../01_genomes/NAK246_brasiliense.fasta	97.274	1431	1532
../08_unicycler/PRT1.unicycler.assembly.fasta	../01_genomes/NAK719_brasiliense.fasta	97.2723	1423	1532
../08_unicycler/PRT1.unicycler.assembly.fasta	../01_genomes/ZRIMU1030_brasiliense.fasta	97.272	1419	1532
../08_unicycler/PRT1.unicycler.assembly.fasta	../01_genomes/IPO:3709_NAK:379_112-1c_brasiliense.fasta	97.2697	1427	1532
../08_unicycler/PRT1.unicycler.assembly.fasta	../01_genomes/BY2_brasiliense.fasta	97.2694	1437	1532
../08_unicycler/PRT1.unicycler.assembly.fasta	../01_genomes/IPO:3707_NAK:377_77a_brasiliense.fasta	97.2679	1421	1532
../08_unicycler/PRT1.unicycler.assembly.fasta	../01_genomes/NAK:247_brasiliense.fasta	97.267	1427	1532
../08_unicycler/PRT1.unicycler.assembly.fasta	../01_genomes/IPO:4071_NAK:240_brasiliense.fasta	97.2662	1437	1532
../08_unicycler/PRT1.unicycler.assembly.fasta	../01_genomes/IPO:3710_NAK:380_brasiliense.fasta	97.2658	1439	1532
../08_unicycler/PRT1.unicycler.assembly.fasta	../01_genomes/BSRLOP2CAB_brasiliense.fasta	97.2658	1388	1532
../08_unicycler/PRT1.unicycler.assembly.fasta	../01_genomes/Y3_brasiliense.fasta	97.2655	1419	1532
../08_unicycler/PRT1.unicycler.assembly.fasta	../01_genomes/SX309_brasiliense.fasta	97.2625	1418	1532
../08_unicycler/PRT1.unicycler.assembly.fasta	../01_genomes/NAK:243_brasiliense.fasta	97.262	1427	1532
../08_unicycler/PRT1.unicycler.assembly.fasta	../01_genomes/NAK:430_brasiliense.fasta	97.2619	1429	1532
../08_unicycler/PRT1.unicycler.assembly.fasta	../01_genomes/NAK698_brasiliense.fasta	97.2612	1419	1532
../08_unicycler/PRT1.unicycler.assembly.fasta	../01_genomes/S2_brasiliense.fasta	97.2598	1426	1532
../08_unicycler/PRT1.unicycler.assembly.fasta	../01_genomes/IPO:3708_NAK:378_99a_brasiliense.fasta	97.2586	1428	1532
../08_unicycler/PRT1.unicycler.assembly.fasta	../01_genomes/NAK:385_brasiliense.fasta	97.2582	1458	1532
../08_unicycler/PRT1.unicycler.assembly.fasta	../01_genomes/NAK701_brasiliense.fasta	97.2579	1427	1532
../08_unicycler/PRT1.unicycler.assembly.fasta	../01_genomes/IPO:4134_NAK:395_brasiliense.fasta	97.2571	1439	1532
../08_unicycler/PRT1.unicycler.assembly.fasta	../01_genomes/IPO:4066_NAK:259_brasiliense.fasta	97.2567	1424	1532
../08_unicycler/PRT1.unicycler.assembly.fasta	../01_genomes/NAK:384_brasiliense.fasta	97.2563	1429	1532
../08_unicycler/PRT1.unicycler.assembly.fasta	../01_genomes/IPO:4065_NAK:223_brasiliense.fasta	97.2558	1433	1532
../08_unicycler/PRT1.unicycler.assembly.fasta	../01_genomes/YC_Y46_brasiliense.fasta	97.2542	1409	1532
../08_unicycler/PRT1.unicycler.assembly.fasta	../01_genomes/NAK238_brasiliense.fasta	97.2533	1427	1532
../08_unicycler/PRT1.unicycler.assembly.fasta	../01_genomes/BZA12_brasiliense.fasta	97.2517	1417	1532
../08_unicycler/PRT1.unicycler.assembly.fasta	../01_genomes/IPO:4060_NAK:251_brasiliense.fasta	97.2508	1437	1532
../08_unicycler/PRT1.unicycler.assembly.fasta	../01_genomes/TS20HJ1_brasiliense.fasta	97.2499	1414	1532
../08_unicycler/PRT1.unicycler.assembly.fasta	../01_genomes/IPO:4055_NAK:152_GBBC:1819_brasiliense.fasta	97.2493	1430	1532
../08_unicycler/PRT1.unicycler.assembly.fasta	../01_genomes/NAK:241_brasiliense.fasta	97.2432	1431	1532
../08_unicycler/PRT1.unicycler.assembly.fasta	../01_genomes/IPO:3843_JGAR:11_brasiliense.fasta	97.2432	1432	1532
../08_unicycler/PRT1.unicycler.assembly.fasta	../01_genomes/IPO:3650_NAK:376_brasiliense.fasta	97.2403	1428	1532
../08_unicycler/PRT1.unicycler.assembly.fasta	../01_genomes/NJAU134_brasiliense.fasta	97.24	1426	1532
../08_unicycler/PRT1.unicycler.assembly.fasta	../01_genomes/IPO:3649_NAK:375_brasiliense.fasta	97.2398	1438	1532
../08_unicycler/PRT1.unicycler.assembly.fasta	../01_genomes/Y29_brasiliense.fasta	97.2387	1415	1532
../08_unicycler/PRT1.unicycler.assembly.fasta	../01_genomes/NAK682_brasiliense.fasta	97.2352	1428	1532
../08_unicycler/PRT1.unicycler.assembly.fasta	../01_genomes/IPO:3643_brasiliense.fasta	97.2343	1421	1532
../08_unicycler/PRT1.unicycler.assembly.fasta	../01_genomes/IPO:4054_NAK:231_brasiliense.fasta	97.2317	1437	1532
../08_unicycler/PRT1.unicycler.assembly.fasta	../01_genomes/IPO:4057_NAK:249_brasiliense.fasta	97.2299	1438	1532
../08_unicycler/PRT1.unicycler.assembly.fasta	../01_genomes/130_brasiliense.fasta	97.2209	1440	1532
../08_unicycler/PRT1.unicycler.assembly.fasta	../01_genomes/A79-S20-O15_brasiliense.fasta	97.2137	1419	1532
../08_unicycler/PRT1.unicycler.assembly.fasta	../01_genomes/A079-S20-O15_brasiliense.fasta	97.2137	1419	1532
../08_unicycler/PRT1.unicycler.assembly.fasta	../01_genomes/F126_brasiliense.fasta	97.2066	1443	1532
../08_unicycler/PRT1.unicycler.assembly.fasta	../01_genomes/Y49_brasiliense.fasta	97.2059	1407	1532
../08_unicycler/PRT1.unicycler.assembly.fasta	../01_genomes/Y21_brasiliense.fasta	97.1973	1413	1532
../08_unicycler/PRT1.unicycler.assembly.fasta	../01_genomes/Y62_brasiliense.fasta	97.1964	1428	1532
../08_unicycler/PRT1.unicycler.assembly.fasta	../01_genomes/Y31_brasiliense.fasta	97.1898	1422	1532
../08_unicycler/PRT1.unicycler.assembly.fasta	../01_genomes/PD_5190_brasiliense.fasta	97.1878	1434	1532
../08_unicycler/PRT1.unicycler.assembly.fasta	../01_genomes/BC1_brasiliense.fasta	97.1869	1458	1532
../08_unicycler/PRT1.unicycler.assembly.fasta	../01_genomes/IPO:4068_NAK:256_brasiliense.fasta	97.166	1406	1532
../08_unicycler/PRT1.unicycler.assembly.fasta	../01_genomes/IPO:3644_brasiliense.fasta	97.1632	1317	1532
../08_unicycler/PRT1.unicycler.assembly.fasta	../01_genomes/PD_7081_brasiliense.fasta	97.1342	1403	1532
../08_unicycler/PRT1.unicycler.assembly.fasta	../01_genomes/PCC1_brasiliense.fasta	97.128	1391	1532
../08_unicycler/PRT1.unicycler.assembly.fasta	../01_genomes/B6_brasiliense.fasta	97.1046	1403	1532
../08_unicycler/PRT1.unicycler.assembly.fasta	../01_genomes/LMG2407_brasiliense.fasta	96.9818	1380	1532
../08_unicycler/PRT1.unicycler.assembly.fasta	../01_genomes/PD_8611_brasiliense.fasta	96.9791	1372	1532
../08_unicycler/PRT1.unicycler.assembly.fasta	../01_genomes/1950-8_brasiliense.fasta	96.9627	1382	1532
../08_unicycler/PRT1.unicycler.assembly.fasta	../01_genomes/1950-9_brasiliense.fasta	96.9597	1381	1532
../08_unicycler/PRT1.unicycler.assembly.fasta	../01_genomes/21PCA_AGRO2_brasiliense.fasta	96.9064	1369	1532
../08_unicycler/PRT1.unicycler.assembly.fasta	../01_genomes/NJAU140_brasiliense.fasta	96.8113	1387	1532
../08_unicycler/PRT1.unicycler.assembly.fasta	../01_genomes/PD_7079_brasiliense.fasta	96.755	1408	1532
../08_unicycler/PRT1.unicycler.assembly.fasta	../01_genomes/CFIA1033_brasiliense.fasta	96.2524	1302	1532
../08_unicycler/PRT1.unicycler.assembly.fasta	../01_genomes/Ec-153_brasiliense.fasta	96.2523	1380	1532
../08_unicycler/PRT1.unicycler.assembly.fasta	../01_genomes/BD255_brasiliense.fasta	96.2394	1378	1532
../08_unicycler/PRT1.unicycler.assembly.fasta	../01_genomes/BD163_brasiliense.fasta	96.2035	1389	1532
../08_unicycler/PRT1.unicycler.assembly.fasta	../01_genomes/1950-36_brasiliense.fasta	96.1968	1369	1532
../08_unicycler/PRT1.unicycler.assembly.fasta	../01_genomes/LMG_21372_brasiliense.fasta	96.1906	1377	1532
../08_unicycler/PRT1.unicycler.assembly.fasta	../01_genomes/BF20_brasiliense.fasta	96.128	1353	1532
../08_unicycler/PRT1.unicycler.assembly.fasta	../01_genomes/SR11_brasiliense.fasta	96.096	1396	1532
../08_unicycler/PRT1.unicycler.assembly.fasta	../01_genomes/SR8_brasiliense.fasta	96.0911	1382	1532
../08_unicycler/PRT1.unicycler.assembly.fasta	../01_genomes/DM1_brasiliense.fasta	96.0902	1377	1532
../08_unicycler/PRT1.unicycler.assembly.fasta	../01_genomes/22QBSP01-1_brasiliense.fasta	96.0873	1360	1532
../08_unicycler/PRT1.unicycler.assembly.fasta	../01_genomes/SR6_brasiliense.fasta	96.0858	1393	1532
../08_unicycler/PRT1.unicycler.assembly.fasta	../01_genomes/1692_brasiliense.fasta	96.0856	1387	1532
../08_unicycler/PRT1.unicycler.assembly.fasta	../01_genomes/SR5_brasiliense.fasta	96.0817	1397	1532
../08_unicycler/PRT1.unicycler.assembly.fasta	../01_genomes/LMG_21371_brasiliense.fasta	96.0703	1386	1532
../08_unicycler/PRT1.unicycler.assembly.fasta	../01_genomes/SR10_brasiliense.fasta	96.0598	1401	1532
../08_unicycler/PRT1.unicycler.assembly.fasta	../01_genomes/IPO:3540_CFBP:6617_ATCC:BAA-417_IBSBF:1692_brasiliense.fasta	96.054	1391	1532
../08_unicycler/PRT1.unicycler.assembly.fasta	../01_genomes/IPO:3628_brasiliense.fasta	96.0508	1373	1532
../08_unicycler/PRT1.unicycler.assembly.fasta	../01_genomes/PcbHPI01_brasiliense.fasta	96.0469	1385	1532
../08_unicycler/PRT1.unicycler.assembly.fasta	../01_genomes/SR7_brasiliense.fasta	96.0427	1396	1532
../08_unicycler/PRT1.unicycler.assembly.fasta	../01_genomes/NAK:468_brasiliense.fasta	95.6655	1254	1532
../08_unicycler/PRT1.unicycler.assembly.fasta	../01_genomes/NAK:433_brasiliense.fasta	95.659	1251	1532
../08_unicycler/PRT1.unicycler.assembly.fasta	../01_genomes/NAK:470_brasiliense.fasta	95.5945	1249	1532
../08_unicycler/PRT1.unicycler.assembly.fasta	../01_genomes/CFBP8736_brasiliense.fasta	95.5226	1246	1532
../08_unicycler/PRT1.unicycler.assembly.fasta	../01_genomes/IPO:0590_brasiliense.fasta	94.9571	1287	1532
../08_unicycler/PRT1.unicycler.assembly.fasta	../01_genomes/13-115_jejuense.fasta	94.8975	1393	1532
../08_unicycler/PRT1.unicycler.assembly.fasta	../01_genomes/22LXZD03-05_jejuense.fasta	94.8363	1405	1532
../08_unicycler/PRT1.unicycler.assembly.fasta	../01_genomes/22LXZD03-01_jejuense.fasta	94.8233	1406	1532
../08_unicycler/PRT1.unicycler.assembly.fasta	../01_genomes/22LXZD03-03_jejuense.fasta	94.8224	1406	1532
../08_unicycler/PRT1.unicycler.assembly.fasta	../01_genomes/PD_7434_jejuense.fasta	94.7867	1400	1532
../08_unicycler/PRT2.unicycler.assembly.fasta	../08_unicycler/PRT2.unicycler.assembly.fasta	100	1529	1532
../08_unicycler/PRT2.unicycler.assembly.fasta	../08_unicycler/PRT1.unicycler.assembly.fasta	99.9998	1532	1532
../08_unicycler/PRT2.unicycler.assembly.fasta	../08_unicycler/PRT5.unicycler.assembly.fasta	99.9982	1530	1532
../08_unicycler/PRT2.unicycler.assembly.fasta	../01_genomes/ZRIMU1702DQ_brasiliense.fasta	98.3669	1474	1532
../08_unicycler/PRT2.unicycler.assembly.fasta	../01_genomes/CFIA1001_brasiliense.fasta	97.5332	1448	1532
../08_unicycler/PRT2.unicycler.assembly.fasta	../01_genomes/IPO:4062_NAK:237_brasiliense.fasta	97.509	1456	1532
../08_unicycler/PRT2.unicycler.assembly.fasta	../01_genomes/NY1563A_brasiliense.fasta	97.4597	1379	1532
../08_unicycler/PRT2.unicycler.assembly.fasta	../01_genomes/IPO:4073_NAK:248_brasiliense.fasta	97.4589	1445	1532
../08_unicycler/PRT2.unicycler.assembly.fasta	../01_genomes/1950-11_brasiliense.fasta	97.4518	1424	1532
../08_unicycler/PRT2.unicycler.assembly.fasta	../01_genomes/IPO:3630_brasiliense.fasta	97.4495	1406	1532
../08_unicycler/PRT2.unicycler.assembly.fasta	../01_genomes/NAK700_brasiliense.fasta	97.4361	1421	1532
../08_unicycler/PRT2.unicycler.assembly.fasta	../01_genomes/IPO:4064_NAK:242_brasiliense.fasta	97.4329	1442	1532
../08_unicycler/PRT2.unicycler.assembly.fasta	../01_genomes/Y65_brasiliense.fasta	97.412	1421	1532
../08_unicycler/PRT2.unicycler.assembly.fasta	../01_genomes/IPO:4132_NAK:239_brasiliense.fasta	97.4044	1450	1532
../08_unicycler/PRT2.unicycler.assembly.fasta	../01_genomes/IPO:4058_NAK:235_brasiliense.fasta	97.4038	1421	1532
../08_unicycler/PRT2.unicycler.assembly.fasta	../01_genomes/NY1453A_brasiliense.fasta	97.4005	1411	1532
../08_unicycler/PRT2.unicycler.assembly.fasta	../01_genomes/NJAU21_brasiliense.fasta	97.3991	1426	1532
../08_unicycler/PRT2.unicycler.assembly.fasta	../01_genomes/NAK716_brasiliense.fasta	97.3972	1461	1532
../08_unicycler/PRT2.unicycler.assembly.fasta	../01_genomes/NAK679_brasiliense.fasta	97.3891	1456	1532
../08_unicycler/PRT2.unicycler.assembly.fasta	../01_genomes/NAK:254_brasiliense.fasta	97.3848	1426	1532
../08_unicycler/PRT2.unicycler.assembly.fasta	../01_genomes/NAK:396_brasiliense.fasta	97.3831	1428	1532
../08_unicycler/PRT2.unicycler.assembly.fasta	../01_genomes/IPO:3844_NAK:382_JGAR:12_brasiliense.fasta	97.3794	1451	1532
../08_unicycler/PRT2.unicycler.assembly.fasta	../01_genomes/NAK727_brasiliense.fasta	97.3785	1437	1532
../08_unicycler/PRT2.unicycler.assembly.fasta	../01_genomes/NJAU130_brasiliense.fasta	97.375	1391	1532
../08_unicycler/PRT2.unicycler.assembly.fasta	../01_genomes/IPO:3649_NAK:55_brasiliense.fasta	97.368	1442	1532
../08_unicycler/PRT2.unicycler.assembly.fasta	../01_genomes/BL-2_brasiliense.fasta	97.3673	1432	1532
../08_unicycler/PRT2.unicycler.assembly.fasta	../01_genomes/1Aia_brasiliense.fasta	97.3658	1409	1532
../08_unicycler/PRT2.unicycler.assembly.fasta	../01_genomes/F157_brasiliense.fasta	97.3608	1443	1532
../08_unicycler/PRT2.unicycler.assembly.fasta	../01_genomes/ZLMLSHJ5_brasiliense.fasta	97.3598	1413	1532
../08_unicycler/PRT2.unicycler.assembly.fasta	../01_genomes/NJAU132_brasiliense.fasta	97.3588	1419	1532
../08_unicycler/PRT2.unicycler.assembly.fasta	../01_genomes/NAK:245_brasiliense.fasta	97.3549	1408	1532
../08_unicycler/PRT2.unicycler.assembly.fasta	../01_genomes/NAK:250_brasiliense.fasta	97.3526	1431	1532
../08_unicycler/PRT2.unicycler.assembly.fasta	../01_genomes/A1_brasiliense.fasta	97.3473	1326	1532
../08_unicycler/PRT2.unicycler.assembly.fasta	../01_genomes/CFBP3230_brasiliense.fasta	97.3439	1401	1532
../08_unicycler/PRT2.unicycler.assembly.fasta	../01_genomes/1Aia_d_brasiliense.fasta	97.3432	1416	1532
../08_unicycler/PRT2.unicycler.assembly.fasta	../01_genomes/CFBP5381_brasiliense.fasta	97.3431	1408	1532
../08_unicycler/PRT2.unicycler.assembly.fasta	../01_genomes/BF45_brasiliense.fasta	97.3427	1401	1532
../08_unicycler/PRT2.unicycler.assembly.fasta	../01_genomes/IPO:4067_NAK:257_brasiliense.fasta	97.34	1436	1532
../08_unicycler/PRT2.unicycler.assembly.fasta	../01_genomes/NAK:434_brasiliense.fasta	97.3395	1432	1532
../08_unicycler/PRT2.unicycler.assembly.fasta	../01_genomes/WZZ2024_brasiliense.fasta	97.339	1420	1532
../08_unicycler/PRT2.unicycler.assembly.fasta	../01_genomes/IPO:4056_NAK:264_GBBC:1756_brasiliense.fasta	97.3382	1425	1532
../08_unicycler/PRT2.unicycler.assembly.fasta	../01_genomes/IPO:3711_NAK:381_brasiliense.fasta	97.3381	1418	1532
../08_unicycler/PRT2.unicycler.assembly.fasta	../01_genomes/HNP201719_brasiliense.fasta	97.3376	1417	1532
../08_unicycler/PRT2.unicycler.assembly.fasta	../01_genomes/BS1113_brasiliense.fasta	97.3375	1441	1532
../08_unicycler/PRT2.unicycler.assembly.fasta	../01_genomes/ZRIMU1030_brasiliense.fasta	97.3346	1404	1532
../08_unicycler/PRT2.unicycler.assembly.fasta	../01_genomes/BSROG1CAUL_A_brasiliense.fasta	97.3308	1424	1532
../08_unicycler/PRT2.unicycler.assembly.fasta	../01_genomes/IPO:0821_SCRI:133_brasiliense.fasta	97.3308	1424	1532
../08_unicycler/PRT2.unicycler.assembly.fasta	../01_genomes/Y52_brasiliense.fasta	97.3256	1420	1532
../08_unicycler/PRT2.unicycler.assembly.fasta	../01_genomes/NAK:435_brasiliense.fasta	97.3212	1429	1532
../08_unicycler/PRT2.unicycler.assembly.fasta	../01_genomes/NAK:466_brasiliense.fasta	97.3197	1425	1532
../08_unicycler/PRT2.unicycler.assembly.fasta	../01_genomes/IPO:3709_NAK:379_112-1c_brasiliense.fasta	97.3169	1413	1532
../08_unicycler/PRT2.unicycler.assembly.fasta	../01_genomes/NAK:432_brasiliense.fasta	97.3126	1408	1532
../08_unicycler/PRT2.unicycler.assembly.fasta	../01_genomes/NAK641_brasiliense.fasta	97.3117	1422	1532
../08_unicycler/PRT2.unicycler.assembly.fasta	../01_genomes/Y60_brasiliense.fasta	97.3108	1413	1532
../08_unicycler/PRT2.unicycler.assembly.fasta	../01_genomes/NAK:243_brasiliense.fasta	97.3102	1417	1532
../08_unicycler/PRT2.unicycler.assembly.fasta	../01_genomes/IPO:3650_NAK:376_brasiliense.fasta	97.3101	1418	1532
../08_unicycler/PRT2.unicycler.assembly.fasta	../01_genomes/NAK:430_brasiliense.fasta	97.3097	1414	1532
../08_unicycler/PRT2.unicycler.assembly.fasta	../01_genomes/NAK238_brasiliense.fasta	97.3074	1421	1532
../08_unicycler/PRT2.unicycler.assembly.fasta	../01_genomes/IPO:3708_NAK:378_99a_brasiliense.fasta	97.3055	1420	1532
../08_unicycler/PRT2.unicycler.assembly.fasta	../01_genomes/PD_8610_brasiliense.fasta	97.3049	1437	1532
../08_unicycler/PRT2.unicycler.assembly.fasta	../01_genomes/NAK:252_brasiliense.fasta	97.3039	1423	1532
../08_unicycler/PRT2.unicycler.assembly.fasta	../01_genomes/IPO:3643_brasiliense.fasta	97.2985	1418	1532
../08_unicycler/PRT2.unicycler.assembly.fasta	../01_genomes/NAK246_brasiliense.fasta	97.2963	1421	1532
../08_unicycler/PRT2.unicycler.assembly.fasta	../01_genomes/IPO:3710_NAK:380_brasiliense.fasta	97.2957	1437	1532
../08_unicycler/PRT2.unicycler.assembly.fasta	../01_genomes/NJAU131_brasiliense.fasta	97.2955	1441	1532
../08_unicycler/PRT2.unicycler.assembly.fasta	../01_genomes/PD_6952_brasiliense.fasta	97.2951	1423	1532
../08_unicycler/PRT2.unicycler.assembly.fasta	../01_genomes/IPO:3707_NAK:377_77a_brasiliense.fasta	97.2943	1415	1532
../08_unicycler/PRT2.unicycler.assembly.fasta	../01_genomes/NJAU170_brasiliense.fasta	97.2942	1445	1532
../08_unicycler/PRT2.unicycler.assembly.fasta	../01_genomes/NAK709_brasiliense.fasta	97.2941	1455	1532
../08_unicycler/PRT2.unicycler.assembly.fasta	../01_genomes/JGAR-120719-4_brasiliense.fasta	97.292	1411	1532
../08_unicycler/PRT2.unicycler.assembly.fasta	../01_genomes/NAK:397_brasiliense.fasta	97.292	1418	1532
../08_unicycler/PRT2.unicycler.assembly.fasta	../01_genomes/NAK:247_brasiliense.fasta	97.2912	1421	1532
../08_unicycler/PRT2.unicycler.assembly.fasta	../01_genomes/Y64_brasiliense.fasta	97.291	1421	1532
../08_unicycler/PRT2.unicycler.assembly.fasta	../01_genomes/IPO:4071_NAK:240_brasiliense.fasta	97.2906	1436	1532
../08_unicycler/PRT2.unicycler.assembly.fasta	../01_genomes/JGAR-030718-1_brasiliense.fasta	97.2899	1418	1532
../08_unicycler/PRT2.unicycler.assembly.fasta	../01_genomes/NAK:385_brasiliense.fasta	97.2896	1449	1532
../08_unicycler/PRT2.unicycler.assembly.fasta	../01_genomes/F152_brasiliense.fasta	97.2882	1415	1532
../08_unicycler/PRT2.unicycler.assembly.fasta	../01_genomes/IPO:4135_NAK:383_brasiliense.fasta	97.2867	1423	1532
../08_unicycler/PRT2.unicycler.assembly.fasta	../01_genomes/NAK:384_brasiliense.fasta	97.2848	1423	1532
../08_unicycler/PRT2.unicycler.assembly.fasta	../01_genomes/Y3_brasiliense.fasta	97.2837	1417	1532
../08_unicycler/PRT2.unicycler.assembly.fasta	../01_genomes/SX309_brasiliense.fasta	97.2832	1415	1532
../08_unicycler/PRT2.unicycler.assembly.fasta	../01_genomes/NK5_brasiliense.fasta	97.2832	1425	1532
../08_unicycler/PRT2.unicycler.assembly.fasta	../01_genomes/IPO:4066_NAK:259_brasiliense.fasta	97.2821	1427	1532
../08_unicycler/PRT2.unicycler.assembly.fasta	../01_genomes/IPO:3843_JGAR:11_brasiliense.fasta	97.2814	1426	1532
../08_unicycler/PRT2.unicycler.assembly.fasta	../01_genomes/NAK:431_brasiliense.fasta	97.2792	1423	1532
../08_unicycler/PRT2.unicycler.assembly.fasta	../01_genomes/NAK698_brasiliense.fasta	97.2786	1415	1532
../08_unicycler/PRT2.unicycler.assembly.fasta	../01_genomes/NAK644_brasiliense.fasta	97.2779	1421	1532
../08_unicycler/PRT2.unicycler.assembly.fasta	../01_genomes/S2_brasiliense.fasta	97.2776	1415	1532
../08_unicycler/PRT2.unicycler.assembly.fasta	../01_genomes/NAK683_brasiliense.fasta	97.2774	1425	1532
../08_unicycler/PRT2.unicycler.assembly.fasta	../01_genomes/ZRIMU1701SM_brasiliense.fasta	97.2752	1421	1532
../08_unicycler/PRT2.unicycler.assembly.fasta	../01_genomes/JGAR-080719-2_brasiliense.fasta	97.2737	1423	1532
../08_unicycler/PRT2.unicycler.assembly.fasta	../01_genomes/IPO:4065_NAK:223_brasiliense.fasta	97.2735	1435	1532
../08_unicycler/PRT2.unicycler.assembly.fasta	../01_genomes/IPO:4055_NAK:152_GBBC:1819_brasiliense.fasta	97.2714	1424	1532
../08_unicycler/PRT2.unicycler.assembly.fasta	../01_genomes/IPO:4134_NAK:395_brasiliense.fasta	97.2688	1437	1532
../08_unicycler/PRT2.unicycler.assembly.fasta	../01_genomes/IPO:4057_NAK:249_brasiliense.fasta	97.2687	1440	1532
../08_unicycler/PRT2.unicycler.assembly.fasta	../01_genomes/TS20HJ1_brasiliense.fasta	97.2666	1415	1532
../08_unicycler/PRT2.unicycler.assembly.fasta	../01_genomes/IPO:4060_NAK:251_brasiliense.fasta	97.2657	1438	1532
../08_unicycler/PRT2.unicycler.assembly.fasta	../01_genomes/NAK682_brasiliense.fasta	97.2655	1428	1532
../08_unicycler/PRT2.unicycler.assembly.fasta	../01_genomes/BY2_brasiliense.fasta	97.2642	1434	1532
../08_unicycler/PRT2.unicycler.assembly.fasta	../01_genomes/NAK701_brasiliense.fasta	97.2637	1422	1532
../08_unicycler/PRT2.unicycler.assembly.fasta	../01_genomes/CFIA1009_brasiliense.fasta	97.2628	1408	1532
../08_unicycler/PRT2.unicycler.assembly.fasta	../01_genomes/NAK719_brasiliense.fasta	97.2613	1428	1532
../08_unicycler/PRT2.unicycler.assembly.fasta	../01_genomes/NAK616_brasiliense.fasta	97.2611	1421	1532
../08_unicycler/PRT2.unicycler.assembly.fasta	../01_genomes/IPO:4054_NAK:231_brasiliense.fasta	97.261	1438	1532
../08_unicycler/PRT2.unicycler.assembly.fasta	../01_genomes/NAK638_brasiliense.fasta	97.2589	1428	1532
../08_unicycler/PRT2.unicycler.assembly.fasta	../01_genomes/L25F-74_brasiliense.fasta	97.2586	1426	1532
../08_unicycler/PRT2.unicycler.assembly.fasta	../01_genomes/NAK617_brasiliense.fasta	97.2585	1422	1532
../08_unicycler/PRT2.unicycler.assembly.fasta	../01_genomes/NAK673_brasiliense.fasta	97.2578	1423	1532
../08_unicycler/PRT2.unicycler.assembly.fasta	../01_genomes/YC_Y46_brasiliense.fasta	97.2572	1409	1532
../08_unicycler/PRT2.unicycler.assembly.fasta	../01_genomes/JGAR-100719-1_brasiliense.fasta	97.2531	1423	1532
../08_unicycler/PRT2.unicycler.assembly.fasta	../01_genomes/IPO:3649_NAK:375_brasiliense.fasta	97.2503	1436	1532
../08_unicycler/PRT2.unicycler.assembly.fasta	../01_genomes/NAK:241_brasiliense.fasta	97.2485	1433	1532
../08_unicycler/PRT2.unicycler.assembly.fasta	../01_genomes/CFBP7357_brasiliense.fasta	97.246	1432	1532
../08_unicycler/PRT2.unicycler.assembly.fasta	../01_genomes/130_brasiliense.fasta	97.2424	1440	1532
../08_unicycler/PRT2.unicycler.assembly.fasta	../01_genomes/IPO:4131_NAK:399_JGAR:16_180717-4_brasiliense.fasta	97.2413	1424	1532
../08_unicycler/PRT2.unicycler.assembly.fasta	../01_genomes/NAK650_brasiliense.fasta	97.24	1427	1532
../08_unicycler/PRT2.unicycler.assembly.fasta	../01_genomes/F126_brasiliense.fasta	97.238	1439	1532
../08_unicycler/PRT2.unicycler.assembly.fasta	../01_genomes/A079-S20-O15_brasiliense.fasta	97.2251	1415	1532
../08_unicycler/PRT2.unicycler.assembly.fasta	../01_genomes/A79-S20-O15_brasiliense.fasta	97.2251	1415	1532
../08_unicycler/PRT2.unicycler.assembly.fasta	../01_genomes/BSRLOP2CAB_brasiliense.fasta	97.2241	1393	1532
../08_unicycler/PRT2.unicycler.assembly.fasta	../01_genomes/NJAU134_brasiliense.fasta	97.2217	1425	1532
../08_unicycler/PRT2.unicycler.assembly.fasta	../01_genomes/Y21_brasiliense.fasta	97.2181	1417	1532
../08_unicycler/PRT2.unicycler.assembly.fasta	../01_genomes/IPO:3644_brasiliense.fasta	97.2031	1314	1532
../08_unicycler/PRT2.unicycler.assembly.fasta	../01_genomes/BC1_brasiliense.fasta	97.2002	1441	1532
../08_unicycler/PRT2.unicycler.assembly.fasta	../01_genomes/BZA12_brasiliense.fasta	97.1994	1432	1532
../08_unicycler/PRT2.unicycler.assembly.fasta	../01_genomes/Y62_brasiliense.fasta	97.1938	1420	1532
../08_unicycler/PRT2.unicycler.assembly.fasta	../01_genomes/Y31_brasiliense.fasta	97.1871	1419	1532
../08_unicycler/PRT2.unicycler.assembly.fasta	../01_genomes/PD_5190_brasiliense.fasta	97.157	1432	1532
../08_unicycler/PRT2.unicycler.assembly.fasta	../01_genomes/Y49_brasiliense.fasta	97.1561	1412	1532
../08_unicycler/PRT2.unicycler.assembly.fasta	../01_genomes/IPO:4068_NAK:256_brasiliense.fasta	97.147	1411	1532
../08_unicycler/PRT2.unicycler.assembly.fasta	../01_genomes/Y29_brasiliense.fasta	97.1455	1425	1532
../08_unicycler/PRT2.unicycler.assembly.fasta	../01_genomes/PD_7081_brasiliense.fasta	97.1129	1415	1532
../08_unicycler/PRT2.unicycler.assembly.fasta	../01_genomes/B6_brasiliense.fasta	97.1112	1397	1532
../08_unicycler/PRT2.unicycler.assembly.fasta	../01_genomes/PCC1_brasiliense.fasta	97.107	1386	1532
../08_unicycler/PRT2.unicycler.assembly.fasta	../01_genomes/1950-9_brasiliense.fasta	96.9833	1384	1532
../08_unicycler/PRT2.unicycler.assembly.fasta	../01_genomes/1950-8_brasiliense.fasta	96.9657	1380	1532
../08_unicycler/PRT2.unicycler.assembly.fasta	../01_genomes/LMG2407_brasiliense.fasta	96.9409	1382	1532
../08_unicycler/PRT2.unicycler.assembly.fasta	../01_genomes/PD_8611_brasiliense.fasta	96.9111	1375	1532
../08_unicycler/PRT2.unicycler.assembly.fasta	../01_genomes/21PCA_AGRO2_brasiliense.fasta	96.8952	1378	1532
../08_unicycler/PRT2.unicycler.assembly.fasta	../01_genomes/NJAU140_brasiliense.fasta	96.8483	1383	1532
../08_unicycler/PRT2.unicycler.assembly.fasta	../01_genomes/PD_7079_brasiliense.fasta	96.7372	1409	1532
../08_unicycler/PRT2.unicycler.assembly.fasta	../01_genomes/CFIA1033_brasiliense.fasta	96.2582	1307	1532
../08_unicycler/PRT2.unicycler.assembly.fasta	../01_genomes/1950-36_brasiliense.fasta	96.2455	1371	1532
../08_unicycler/PRT2.unicycler.assembly.fasta	../01_genomes/Ec-153_brasiliense.fasta	96.2331	1377	1532
../08_unicycler/PRT2.unicycler.assembly.fasta	../01_genomes/LMG_21372_brasiliense.fasta	96.2024	1360	1532
../08_unicycler/PRT2.unicycler.assembly.fasta	../01_genomes/BD255_brasiliense.fasta	96.1887	1389	1532
../08_unicycler/PRT2.unicycler.assembly.fasta	../01_genomes/BD163_brasiliense.fasta	96.1604	1383	1532
../08_unicycler/PRT2.unicycler.assembly.fasta	../01_genomes/1692_brasiliense.fasta	96.112	1385	1532
../08_unicycler/PRT2.unicycler.assembly.fasta	../01_genomes/BF20_brasiliense.fasta	96.104	1337	1532
../08_unicycler/PRT2.unicycler.assembly.fasta	../01_genomes/IPO:3540_CFBP:6617_ATCC:BAA-417_IBSBF:1692_brasiliense.fasta	96.1006	1384	1532
../08_unicycler/PRT2.unicycler.assembly.fasta	../01_genomes/LMG_21371_brasiliense.fasta	96.0973	1373	1532
../08_unicycler/PRT2.unicycler.assembly.fasta	../01_genomes/PcbHPI01_brasiliense.fasta	96.0915	1379	1532
../08_unicycler/PRT2.unicycler.assembly.fasta	../01_genomes/SR8_brasiliense.fasta	96.0699	1383	1532
../08_unicycler/PRT2.unicycler.assembly.fasta	../01_genomes/IPO:3628_brasiliense.fasta	96.0673	1372	1532
../08_unicycler/PRT2.unicycler.assembly.fasta	../01_genomes/SR6_brasiliense.fasta	96.0668	1397	1532
../08_unicycler/PRT2.unicycler.assembly.fasta	../01_genomes/SR7_brasiliense.fasta	96.0583	1390	1532
../08_unicycler/PRT2.unicycler.assembly.fasta	../01_genomes/SR10_brasiliense.fasta	96.0524	1407	1532
../08_unicycler/PRT2.unicycler.assembly.fasta	../01_genomes/DM1_brasiliense.fasta	96.0522	1378	1532
../08_unicycler/PRT2.unicycler.assembly.fasta	../01_genomes/SR5_brasiliense.fasta	96.0497	1401	1532
../08_unicycler/PRT2.unicycler.assembly.fasta	../01_genomes/22QBSP01-1_brasiliense.fasta	96.0352	1369	1532
../08_unicycler/PRT2.unicycler.assembly.fasta	../01_genomes/SR11_brasiliense.fasta	96.0155	1408	1532
../08_unicycler/PRT2.unicycler.assembly.fasta	../01_genomes/NAK:468_brasiliense.fasta	95.6747	1249	1532
../08_unicycler/PRT2.unicycler.assembly.fasta	../01_genomes/NAK:433_brasiliense.fasta	95.6464	1254	1532
../08_unicycler/PRT2.unicycler.assembly.fasta	../01_genomes/NAK:470_brasiliense.fasta	95.6323	1249	1532
../08_unicycler/PRT2.unicycler.assembly.fasta	../01_genomes/CFBP8736_brasiliense.fasta	95.5827	1245	1532
../08_unicycler/PRT2.unicycler.assembly.fasta	../01_genomes/IPO:0590_brasiliense.fasta	94.9923	1289	1532
../08_unicycler/PRT2.unicycler.assembly.fasta	../01_genomes/13-115_jejuense.fasta	94.8994	1393	1532
../08_unicycler/PRT2.unicycler.assembly.fasta	../01_genomes/22LXZD03-03_jejuense.fasta	94.8396	1406	1532
../08_unicycler/PRT2.unicycler.assembly.fasta	../01_genomes/22LXZD03-01_jejuense.fasta	94.8381	1407	1532
../08_unicycler/PRT2.unicycler.assembly.fasta	../01_genomes/22LXZD03-05_jejuense.fasta	94.806	1398	1532
../08_unicycler/PRT2.unicycler.assembly.fasta	../01_genomes/PD_7434_jejuense.fasta	94.7884	1403	1532
../08_unicycler/PRT5.unicycler.assembly.fasta	../08_unicycler/PRT5.unicycler.assembly.fasta	100	1528	1530
../08_unicycler/PRT5.unicycler.assembly.fasta	../08_unicycler/PRT1.unicycler.assembly.fasta	99.9998	1528	1530
../08_unicycler/PRT5.unicycler.assembly.fasta	../08_unicycler/PRT2.unicycler.assembly.fasta	99.9997	1528	1530
../08_unicycler/PRT5.unicycler.assembly.fasta	../01_genomes/ZRIMU1702DQ_brasiliense.fasta	98.3309	1480	1530
../08_unicycler/PRT5.unicycler.assembly.fasta	../01_genomes/CFIA1001_brasiliense.fasta	97.5412	1443	1530
../08_unicycler/PRT5.unicycler.assembly.fasta	../01_genomes/IPO:4062_NAK:237_brasiliense.fasta	97.502	1454	1530
../08_unicycler/PRT5.unicycler.assembly.fasta	../01_genomes/NY1563A_brasiliense.fasta	97.4798	1379	1530
../08_unicycler/PRT5.unicycler.assembly.fasta	../01_genomes/1950-11_brasiliense.fasta	97.4714	1420	1530
../08_unicycler/PRT5.unicycler.assembly.fasta	../01_genomes/IPO:4073_NAK:248_brasiliense.fasta	97.462	1442	1530
../08_unicycler/PRT5.unicycler.assembly.fasta	../01_genomes/IPO:3630_brasiliense.fasta	97.4496	1411	1530
../08_unicycler/PRT5.unicycler.assembly.fasta	../01_genomes/IPO:4064_NAK:242_brasiliense.fasta	97.4478	1449	1530
../08_unicycler/PRT5.unicycler.assembly.fasta	../01_genomes/IPO:4132_NAK:239_brasiliense.fasta	97.4319	1443	1530
../08_unicycler/PRT5.unicycler.assembly.fasta	../01_genomes/NAK:254_brasiliense.fasta	97.4219	1420	1530
../08_unicycler/PRT5.unicycler.assembly.fasta	../01_genomes/NAK700_brasiliense.fasta	97.416	1426	1530
../08_unicycler/PRT5.unicycler.assembly.fasta	../01_genomes/NAK:250_brasiliense.fasta	97.4086	1434	1530
../08_unicycler/PRT5.unicycler.assembly.fasta	../01_genomes/F157_brasiliense.fasta	97.4071	1434	1530
../08_unicycler/PRT5.unicycler.assembly.fasta	../01_genomes/NAK727_brasiliense.fasta	97.4032	1439	1530
../08_unicycler/PRT5.unicycler.assembly.fasta	../01_genomes/NJAU21_brasiliense.fasta	97.403	1432	1530
../08_unicycler/PRT5.unicycler.assembly.fasta	../01_genomes/Y65_brasiliense.fasta	97.3933	1428	1530
../08_unicycler/PRT5.unicycler.assembly.fasta	../01_genomes/NAK716_brasiliense.fasta	97.3933	1462	1530
../08_unicycler/PRT5.unicycler.assembly.fasta	../01_genomes/IPO:3844_NAK:382_JGAR:12_brasiliense.fasta	97.3919	1454	1530
../08_unicycler/PRT5.unicycler.assembly.fasta	../01_genomes/NAK679_brasiliense.fasta	97.3864	1456	1530
../08_unicycler/PRT5.unicycler.assembly.fasta	../01_genomes/IPO:4067_NAK:257_brasiliense.fasta	97.384	1434	1530
../08_unicycler/PRT5.unicycler.assembly.fasta	../01_genomes/IPO:4058_NAK:235_brasiliense.fasta	97.3831	1422	1530
../08_unicycler/PRT5.unicycler.assembly.fasta	../01_genomes/IPO:3649_NAK:55_brasiliense.fasta	97.3812	1444	1530
../08_unicycler/PRT5.unicycler.assembly.fasta	../01_genomes/NY1453A_brasiliense.fasta	97.3808	1411	1530
../08_unicycler/PRT5.unicycler.assembly.fasta	../01_genomes/WZZ2024_brasiliense.fasta	97.3789	1419	1530
../08_unicycler/PRT5.unicycler.assembly.fasta	../01_genomes/BL-2_brasiliense.fasta	97.3784	1424	1530
../08_unicycler/PRT5.unicycler.assembly.fasta	../01_genomes/ZLMLSHJ5_brasiliense.fasta	97.3726	1418	1530
../08_unicycler/PRT5.unicycler.assembly.fasta	../01_genomes/IPO:0821_SCRI:133_brasiliense.fasta	97.3693	1426	1530
../08_unicycler/PRT5.unicycler.assembly.fasta	../01_genomes/BSROG1CAUL_A_brasiliense.fasta	97.3653	1423	1530
../08_unicycler/PRT5.unicycler.assembly.fasta	../01_genomes/A1_brasiliense.fasta	97.356	1316	1530
../08_unicycler/PRT5.unicycler.assembly.fasta	../01_genomes/NAK:434_brasiliense.fasta	97.3555	1419	1530
../08_unicycler/PRT5.unicycler.assembly.fasta	../01_genomes/NAK:396_brasiliense.fasta	97.3469	1435	1530
../08_unicycler/PRT5.unicycler.assembly.fasta	../01_genomes/CFBP5381_brasiliense.fasta	97.3456	1409	1530
../08_unicycler/PRT5.unicycler.assembly.fasta	../01_genomes/1Aia_d_brasiliense.fasta	97.3441	1421	1530
../08_unicycler/PRT5.unicycler.assembly.fasta	../01_genomes/NJAU132_brasiliense.fasta	97.3404	1417	1530
../08_unicycler/PRT5.unicycler.assembly.fasta	../01_genomes/NAK:435_brasiliense.fasta	97.3398	1431	1530
../08_unicycler/PRT5.unicycler.assembly.fasta	../01_genomes/HNP201719_brasiliense.fasta	97.3367	1417	1530
../08_unicycler/PRT5.unicycler.assembly.fasta	../01_genomes/NAK:245_brasiliense.fasta	97.3357	1411	1530
../08_unicycler/PRT5.unicycler.assembly.fasta	../01_genomes/1Aia_brasiliense.fasta	97.3344	1426	1530
../08_unicycler/PRT5.unicycler.assembly.fasta	../01_genomes/NJAU130_brasiliense.fasta	97.3321	1397	1530
../08_unicycler/PRT5.unicycler.assembly.fasta	../01_genomes/PD_8610_brasiliense.fasta	97.332	1431	1530
../08_unicycler/PRT5.unicycler.assembly.fasta	../01_genomes/NAK:466_brasiliense.fasta	97.3299	1425	1530
../08_unicycler/PRT5.unicycler.assembly.fasta	../01_genomes/IPO:4056_NAK:264_GBBC:1756_brasiliense.fasta	97.3252	1418	1530
../08_unicycler/PRT5.unicycler.assembly.fasta	../01_genomes/NAK641_brasiliense.fasta	97.3209	1421	1530
../08_unicycler/PRT5.unicycler.assembly.fasta	../01_genomes/NAK:252_brasiliense.fasta	97.3168	1425	1530
../08_unicycler/PRT5.unicycler.assembly.fasta	../01_genomes/NAK683_brasiliense.fasta	97.3133	1423	1530
../08_unicycler/PRT5.unicycler.assembly.fasta	../01_genomes/PD_6952_brasiliense.fasta	97.3116	1407	1530
../08_unicycler/PRT5.unicycler.assembly.fasta	../01_genomes/NJAU131_brasiliense.fasta	97.3112	1441	1530
../08_unicycler/PRT5.unicycler.assembly.fasta	../01_genomes/NJAU170_brasiliense.fasta	97.3096	1450	1530
../08_unicycler/PRT5.unicycler.assembly.fasta	../01_genomes/JGAR-120719-4_brasiliense.fasta	97.3085	1417	1530
../08_unicycler/PRT5.unicycler.assembly.fasta	../01_genomes/NAK644_brasiliense.fasta	97.3074	1417	1530
../08_unicycler/PRT5.unicycler.assembly.fasta	../01_genomes/BS1113_brasiliense.fasta	97.3061	1449	1530
../08_unicycler/PRT5.unicycler.assembly.fasta	../01_genomes/Y64_brasiliense.fasta	97.3019	1424	1530
../08_unicycler/PRT5.unicycler.assembly.fasta	../01_genomes/Y60_brasiliense.fasta	97.3018	1416	1530
../08_unicycler/PRT5.unicycler.assembly.fasta	../01_genomes/NAK673_brasiliense.fasta	97.3016	1428	1530
../08_unicycler/PRT5.unicycler.assembly.fasta	../01_genomes/JGAR-080719-2_brasiliense.fasta	97.3014	1425	1530
../08_unicycler/PRT5.unicycler.assembly.fasta	../01_genomes/BF45_brasiliense.fasta	97.3011	1409	1530
../08_unicycler/PRT5.unicycler.assembly.fasta	../01_genomes/Y52_brasiliense.fasta	97.298	1427	1530
../08_unicycler/PRT5.unicycler.assembly.fasta	../01_genomes/NAK616_brasiliense.fasta	97.2966	1420	1530
../08_unicycler/PRT5.unicycler.assembly.fasta	../01_genomes/JGAR-030718-1_brasiliense.fasta	97.2962	1426	1530
../08_unicycler/PRT5.unicycler.assembly.fasta	../01_genomes/ZRIMU1030_brasiliense.fasta	97.2961	1413	1530
../08_unicycler/PRT5.unicycler.assembly.fasta	../01_genomes/ZRIMU1701SM_brasiliense.fasta	97.2951	1426	1530
../08_unicycler/PRT5.unicycler.assembly.fasta	../01_genomes/NAK650_brasiliense.fasta	97.2933	1428	1530
../08_unicycler/PRT5.unicycler.assembly.fasta	../01_genomes/CFBP7357_brasiliense.fasta	97.2903	1432	1530
../08_unicycler/PRT5.unicycler.assembly.fasta	../01_genomes/NAK709_brasiliense.fasta	97.2901	1443	1530
../08_unicycler/PRT5.unicycler.assembly.fasta	../01_genomes/NAK:432_brasiliense.fasta	97.2901	1412	1530
../08_unicycler/PRT5.unicycler.assembly.fasta	../01_genomes/NAK:431_brasiliense.fasta	97.29	1423	1530
../08_unicycler/PRT5.unicycler.assembly.fasta	../01_genomes/NAK638_brasiliense.fasta	97.2894	1432	1530
../08_unicycler/PRT5.unicycler.assembly.fasta	../01_genomes/TS20HJ1_brasiliense.fasta	97.2888	1406	1530
../08_unicycler/PRT5.unicycler.assembly.fasta	../01_genomes/CFBP3230_brasiliense.fasta	97.2886	1408	1530
../08_unicycler/PRT5.unicycler.assembly.fasta	../01_genomes/NAK:397_brasiliense.fasta	97.288	1426	1530
../08_unicycler/PRT5.unicycler.assembly.fasta	../01_genomes/CFIA1009_brasiliense.fasta	97.2848	1413	1530
../08_unicycler/PRT5.unicycler.assembly.fasta	../01_genomes/NAK617_brasiliense.fasta	97.2843	1430	1530
../08_unicycler/PRT5.unicycler.assembly.fasta	../01_genomes/NK5_brasiliense.fasta	97.2833	1424	1530
../08_unicycler/PRT5.unicycler.assembly.fasta	../01_genomes/IPO:4131_NAK:399_JGAR:16_180717-4_brasiliense.fasta	97.2804	1425	1530
../08_unicycler/PRT5.unicycler.assembly.fasta	../01_genomes/F152_brasiliense.fasta	97.28	1423	1530
../08_unicycler/PRT5.unicycler.assembly.fasta	../01_genomes/NAK246_brasiliense.fasta	97.2792	1425	1530
../08_unicycler/PRT5.unicycler.assembly.fasta	../01_genomes/IPO:4135_NAK:383_brasiliense.fasta	97.2789	1427	1530
../08_unicycler/PRT5.unicycler.assembly.fasta	../01_genomes/JGAR-100719-1_brasiliense.fasta	97.277	1425	1530
../08_unicycler/PRT5.unicycler.assembly.fasta	../01_genomes/SX309_brasiliense.fasta	97.2738	1419	1530
../08_unicycler/PRT5.unicycler.assembly.fasta	../01_genomes/NAK719_brasiliense.fasta	97.2701	1423	1530
../08_unicycler/PRT5.unicycler.assembly.fasta	../01_genomes/NAK:430_brasiliense.fasta	97.2699	1427	1530
../08_unicycler/PRT5.unicycler.assembly.fasta	../01_genomes/NAK701_brasiliense.fasta	97.2699	1424	1530
../08_unicycler/PRT5.unicycler.assembly.fasta	../01_genomes/IPO:3710_NAK:380_brasiliense.fasta	97.2691	1440	1530
../08_unicycler/PRT5.unicycler.assembly.fasta	../01_genomes/NAK:243_brasiliense.fasta	97.269	1421	1530
../08_unicycler/PRT5.unicycler.assembly.fasta	../01_genomes/IPO:3711_NAK:381_brasiliense.fasta	97.2621	1428	1530
../08_unicycler/PRT5.unicycler.assembly.fasta	../01_genomes/IPO:3709_NAK:379_112-1c_brasiliense.fasta	97.2589	1420	1530
../08_unicycler/PRT5.unicycler.assembly.fasta	../01_genomes/IPO:4134_NAK:395_brasiliense.fasta	97.2587	1439	1530
../08_unicycler/PRT5.unicycler.assembly.fasta	../01_genomes/NAK:385_brasiliense.fasta	97.2578	1455	1530
../08_unicycler/PRT5.unicycler.assembly.fasta	../01_genomes/IPO:4071_NAK:240_brasiliense.fasta	97.2575	1441	1530
../08_unicycler/PRT5.unicycler.assembly.fasta	../01_genomes/IPO:4066_NAK:259_brasiliense.fasta	97.257	1425	1530
../08_unicycler/PRT5.unicycler.assembly.fasta	../01_genomes/IPO:3707_NAK:377_77a_brasiliense.fasta	97.2555	1420	1530
../08_unicycler/PRT5.unicycler.assembly.fasta	../01_genomes/NAK:241_brasiliense.fasta	97.2531	1427	1530
../08_unicycler/PRT5.unicycler.assembly.fasta	../01_genomes/130_brasiliense.fasta	97.2506	1436	1530
../08_unicycler/PRT5.unicycler.assembly.fasta	../01_genomes/YC_Y46_brasiliense.fasta	97.2496	1404	1530
../08_unicycler/PRT5.unicycler.assembly.fasta	../01_genomes/IPO:4065_NAK:223_brasiliense.fasta	97.2493	1436	1530
../08_unicycler/PRT5.unicycler.assembly.fasta	../01_genomes/IPO:3643_brasiliense.fasta	97.2488	1421	1530
../08_unicycler/PRT5.unicycler.assembly.fasta	../01_genomes/NAK:247_brasiliense.fasta	97.2484	1427	1530
../08_unicycler/PRT5.unicycler.assembly.fasta	../01_genomes/NAK698_brasiliense.fasta	97.2475	1417	1530
../08_unicycler/PRT5.unicycler.assembly.fasta	../01_genomes/Y3_brasiliense.fasta	97.2474	1427	1530
../08_unicycler/PRT5.unicycler.assembly.fasta	../01_genomes/IPO:4060_NAK:251_brasiliense.fasta	97.2472	1439	1530
../08_unicycler/PRT5.unicycler.assembly.fasta	../01_genomes/IPO:3649_NAK:375_brasiliense.fasta	97.2464	1431	1530
../08_unicycler/PRT5.unicycler.assembly.fasta	../01_genomes/NJAU134_brasiliense.fasta	97.2462	1425	1530
../08_unicycler/PRT5.unicycler.assembly.fasta	../01_genomes/F126_brasiliense.fasta	97.2458	1435	1530
../08_unicycler/PRT5.unicycler.assembly.fasta	../01_genomes/L25F-74_brasiliense.fasta	97.2454	1424	1530
../08_unicycler/PRT5.unicycler.assembly.fasta	../01_genomes/BZA12_brasiliense.fasta	97.2449	1415	1530
../08_unicycler/PRT5.unicycler.assembly.fasta	../01_genomes/BY2_brasiliense.fasta	97.2428	1441	1530
../08_unicycler/PRT5.unicycler.assembly.fasta	../01_genomes/IPO:4057_NAK:249_brasiliense.fasta	97.2416	1437	1530
../08_unicycler/PRT5.unicycler.assembly.fasta	../01_genomes/IPO:3708_NAK:378_99a_brasiliense.fasta	97.241	1427	1530
../08_unicycler/PRT5.unicycler.assembly.fasta	../01_genomes/IPO:4054_NAK:231_brasiliense.fasta	97.24	1437	1530
../08_unicycler/PRT5.unicycler.assembly.fasta	../01_genomes/S2_brasiliense.fasta	97.2365	1429	1530
../08_unicycler/PRT5.unicycler.assembly.fasta	../01_genomes/IPO:3843_JGAR:11_brasiliense.fasta	97.2349	1425	1530
../08_unicycler/PRT5.unicycler.assembly.fasta	../01_genomes/IPO:4055_NAK:152_GBBC:1819_brasiliense.fasta	97.2348	1427	1530
../08_unicycler/PRT5.unicycler.assembly.fasta	../01_genomes/NAK:384_brasiliense.fasta	97.2322	1425	1530
../08_unicycler/PRT5.unicycler.assembly.fasta	../01_genomes/BSRLOP2CAB_brasiliense.fasta	97.2316	1393	1530
../08_unicycler/PRT5.unicycler.assembly.fasta	../01_genomes/IPO:3650_NAK:376_brasiliense.fasta	97.2294	1428	1530
../08_unicycler/PRT5.unicycler.assembly.fasta	../01_genomes/NAK238_brasiliense.fasta	97.2276	1425	1530
../08_unicycler/PRT5.unicycler.assembly.fasta	../01_genomes/NAK682_brasiliense.fasta	97.2239	1429	1530
../08_unicycler/PRT5.unicycler.assembly.fasta	../01_genomes/Y31_brasiliense.fasta	97.2104	1424	1530
../08_unicycler/PRT5.unicycler.assembly.fasta	../01_genomes/Y29_brasiliense.fasta	97.2061	1427	1530
../08_unicycler/PRT5.unicycler.assembly.fasta	../01_genomes/A079-S20-O15_brasiliense.fasta	97.2049	1417	1530
../08_unicycler/PRT5.unicycler.assembly.fasta	../01_genomes/A79-S20-O15_brasiliense.fasta	97.2049	1417	1530
../08_unicycler/PRT5.unicycler.assembly.fasta	../01_genomes/Y62_brasiliense.fasta	97.2037	1426	1530
../08_unicycler/PRT5.unicycler.assembly.fasta	../01_genomes/Y21_brasiliense.fasta	97.1972	1419	1530
../08_unicycler/PRT5.unicycler.assembly.fasta	../01_genomes/BC1_brasiliense.fasta	97.1947	1453	1530
../08_unicycler/PRT5.unicycler.assembly.fasta	../01_genomes/IPO:3644_brasiliense.fasta	97.1848	1315	1530
../08_unicycler/PRT5.unicycler.assembly.fasta	../01_genomes/Y49_brasiliense.fasta	97.1839	1411	1530
../08_unicycler/PRT5.unicycler.assembly.fasta	../01_genomes/PD_5190_brasiliense.fasta	97.1611	1438	1530
../08_unicycler/PRT5.unicycler.assembly.fasta	../01_genomes/IPO:4068_NAK:256_brasiliense.fasta	97.1498	1411	1530
../08_unicycler/PRT5.unicycler.assembly.fasta	../01_genomes/PD_7081_brasiliense.fasta	97.1115	1406	1530
../08_unicycler/PRT5.unicycler.assembly.fasta	../01_genomes/PCC1_brasiliense.fasta	97.0843	1394	1530
../08_unicycler/PRT5.unicycler.assembly.fasta	../01_genomes/B6_brasiliense.fasta	97.0738	1402	1530
../08_unicycler/PRT5.unicycler.assembly.fasta	../01_genomes/1950-9_brasiliense.fasta	96.9866	1382	1530
../08_unicycler/PRT5.unicycler.assembly.fasta	../01_genomes/LMG2407_brasiliense.fasta	96.9824	1379	1530
../08_unicycler/PRT5.unicycler.assembly.fasta	../01_genomes/PD_8611_brasiliense.fasta	96.973	1373	1530
../08_unicycler/PRT5.unicycler.assembly.fasta	../01_genomes/1950-8_brasiliense.fasta	96.9449	1385	1530
../08_unicycler/PRT5.unicycler.assembly.fasta	../01_genomes/21PCA_AGRO2_brasiliense.fasta	96.9003	1371	1530
../08_unicycler/PRT5.unicycler.assembly.fasta	../01_genomes/NJAU140_brasiliense.fasta	96.8523	1380	1530
../08_unicycler/PRT5.unicycler.assembly.fasta	../01_genomes/PD_7079_brasiliense.fasta	96.7177	1413	1530
../08_unicycler/PRT5.unicycler.assembly.fasta	../01_genomes/CFIA1033_brasiliense.fasta	96.2578	1298	1530
../08_unicycler/PRT5.unicycler.assembly.fasta	../01_genomes/Ec-153_brasiliense.fasta	96.2027	1378	1530
../08_unicycler/PRT5.unicycler.assembly.fasta	../01_genomes/1950-36_brasiliense.fasta	96.1935	1369	1530
../08_unicycler/PRT5.unicycler.assembly.fasta	../01_genomes/BD163_brasiliense.fasta	96.1926	1390	1530
../08_unicycler/PRT5.unicycler.assembly.fasta	../01_genomes/LMG_21372_brasiliense.fasta	96.1867	1374	1530
../08_unicycler/PRT5.unicycler.assembly.fasta	../01_genomes/BD255_brasiliense.fasta	96.186	1384	1530
../08_unicycler/PRT5.unicycler.assembly.fasta	../01_genomes/BF20_brasiliense.fasta	96.1221	1344	1530
../08_unicycler/PRT5.unicycler.assembly.fasta	../01_genomes/SR6_brasiliense.fasta	96.0979	1391	1530
../08_unicycler/PRT5.unicycler.assembly.fasta	../01_genomes/SR8_brasiliense.fasta	96.0948	1383	1530
../08_unicycler/PRT5.unicycler.assembly.fasta	../01_genomes/SR7_brasiliense.fasta	96.0935	1390	1530
../08_unicycler/PRT5.unicycler.assembly.fasta	../01_genomes/DM1_brasiliense.fasta	96.0925	1377	1530
../08_unicycler/PRT5.unicycler.assembly.fasta	../01_genomes/SR5_brasiliense.fasta	96.0912	1398	1530
../08_unicycler/PRT5.unicycler.assembly.fasta	../01_genomes/SR11_brasiliense.fasta	96.0871	1395	1530
../08_unicycler/PRT5.unicycler.assembly.fasta	../01_genomes/LMG_21371_brasiliense.fasta	96.0844	1377	1530
../08_unicycler/PRT5.unicycler.assembly.fasta	../01_genomes/SR10_brasiliense.fasta	96.0799	1399	1530
../08_unicycler/PRT5.unicycler.assembly.fasta	../01_genomes/IPO:3628_brasiliense.fasta	96.0712	1373	1530
../08_unicycler/PRT5.unicycler.assembly.fasta	../01_genomes/IPO:3540_CFBP:6617_ATCC:BAA-417_IBSBF:1692_brasiliense.fasta	96.0708	1388	1530
../08_unicycler/PRT5.unicycler.assembly.fasta	../01_genomes/1692_brasiliense.fasta	96.0693	1387	1530
../08_unicycler/PRT5.unicycler.assembly.fasta	../01_genomes/22QBSP01-1_brasiliense.fasta	96.053	1365	1530
../08_unicycler/PRT5.unicycler.assembly.fasta	../01_genomes/PcbHPI01_brasiliense.fasta	96.0477	1381	1530
../08_unicycler/PRT5.unicycler.assembly.fasta	../01_genomes/NAK:468_brasiliense.fasta	95.5915	1260	1530
../08_unicycler/PRT5.unicycler.assembly.fasta	../01_genomes/NAK:433_brasiliense.fasta	95.5794	1249	1530
../08_unicycler/PRT5.unicycler.assembly.fasta	../01_genomes/NAK:470_brasiliense.fasta	95.566	1243	1530
../08_unicycler/PRT5.unicycler.assembly.fasta	../01_genomes/CFBP8736_brasiliense.fasta	95.4825	1249	1530
../08_unicycler/PRT5.unicycler.assembly.fasta	../01_genomes/IPO:0590_brasiliense.fasta	94.9545	1284	1530
../08_unicycler/PRT5.unicycler.assembly.fasta	../01_genomes/13-115_jejuense.fasta	94.8817	1390	1530
../08_unicycler/PRT5.unicycler.assembly.fasta	../01_genomes/22LXZD03-05_jejuense.fasta	94.8418	1400	1530
../08_unicycler/PRT5.unicycler.assembly.fasta	../01_genomes/22LXZD03-01_jejuense.fasta	94.8179	1407	1530
../08_unicycler/PRT5.unicycler.assembly.fasta	../01_genomes/22LXZD03-03_jejuense.fasta	94.8052	1411	1530
../08_unicycler/PRT5.unicycler.assembly.fasta	../01_genomes/PD_7434_jejuense.fasta	94.7456	1403	1530
