
Starting Unicycler (2026-02-10 18:36:45)
----------------------------------------
    Welcome to Unicycler, an assembly pipeline for bacterial genomes. Since you provided only short reads, Unicycler will essentially function as a SPAdes-optimiser. It will try many k-mer sizes, choose the best based on contig length and graph connectivity, and scaffold the graph using SPAdes repeat resolution.
    For more information, please see https://github.com/rrwick/Unicycler

Command: /data/djs217/miniconda3/envs/unicycler_env/bin/unicycler -1 PRT1_1_val_1.fq.gz -2 PRT1_2_val_2.fq.gz -o PRT1.unicycler

Unicycler version: v0.5.1
Using 8 threads

Making output directory:
  /data/djs217/PROJECTS/44_Pectobacterium/08_unicycler/PRT1.unicycler

Dependencies:
  Program       Version   Status  
  spades.py     4.0.0     good    
  racon                   not used
  makeblastdb   2.16.0+   good    
  tblastn       2.16.0+   good    


Choosing k-mer range for assembly (2026-02-10 18:37:47)
-------------------------------------------------------
    Unicycler chooses a k-mer range for SPAdes based on the length of the input reads. It uses a wide range of many k-mer sizes to maximise the chance of finding an ideal assembly.

SPAdes maximum k-mer: 127
Median read length: 151
K-mer range: 27, 53, 71, 87, 99, 111, 119, 127


SPAdes assemblies (2026-02-10 18:38:43)
---------------------------------------
    Unicycler now uses SPAdes to assemble the short reads. It scores the assembly graph for each k-mer using the number of contigs (fewer is better) and the number of dead ends (fewer is better). The score function is 1/(c*(d+2)), where c is the contig count and d is the dead end count.

spades.py -o /data/djs217/PROJECTS/44_Pectobacterium/08_unicycler/PRT1.unicycler/spades_assembly -k 27 --threads 8 --gfa11 --isolate -1 /data/djs217/PROJECTS/44_Pectobacterium/08_unicycler/PRT1_1_val_1.fq.gz -2 /data/djs217/PROJECTS/44_Pectobacterium/08_unicycler/PRT1_2_val_2.fq.gz -m 1024

spades.py -o /data/djs217/PROJECTS/44_Pectobacterium/08_unicycler/PRT1.unicycler/spades_assembly -k 27,53 --threads 8 --gfa11 --restart-from k27 -m 1024

spades.py -o /data/djs217/PROJECTS/44_Pectobacterium/08_unicycler/PRT1.unicycler/spades_assembly -k 27,53,71 --threads 8 --gfa11 --restart-from k53 -m 1024

spades.py -o /data/djs217/PROJECTS/44_Pectobacterium/08_unicycler/PRT1.unicycler/spades_assembly -k 27,53,71,87 --threads 8 --gfa11 --restart-from k71 -m 1024

spades.py -o /data/djs217/PROJECTS/44_Pectobacterium/08_unicycler/PRT1.unicycler/spades_assembly -k 27,53,71,87,99 --threads 8 --gfa11 --restart-from k87 -m 1024

spades.py -o /data/djs217/PROJECTS/44_Pectobacterium/08_unicycler/PRT1.unicycler/spades_assembly -k 27,53,71,87,99,111 --threads 8 --gfa11 --restart-from k99 -m 1024

spades.py -o /data/djs217/PROJECTS/44_Pectobacterium/08_unicycler/PRT1.unicycler/spades_assembly -k 27,53,71,87,99,111,119 --threads 8 --gfa11 --restart-from k111 -m 1024

spades.py -o /data/djs217/PROJECTS/44_Pectobacterium/08_unicycler/PRT1.unicycler/spades_assembly -k 27,53,71,87,99,111,119,127 --threads 8 --gfa11 --restart-from k119 -m 1024

K-mer   Contigs   Dead ends   Score      
   27                         too complex
   53       627           0      7.97e-04
   71       358           0      1.40e-03
   87       234           0      2.14e-03
   99       198           0      2.53e-03
  111       174           0      2.87e-03
  119       159           0      3.14e-03
  127       147           0      3.40e-03 <-best

Read depth filter: removed 18 contigs totalling 5370 bp
Deleting /data/djs217/PROJECTS/44_Pectobacterium/08_unicycler/PRT1.unicycler/spades_assembly/


Determining graph multiplicity (2026-02-10 20:33:51)
----------------------------------------------------
    Multiplicity is the number of times a sequence occurs in the underlying sequence. Single-copy contigs (those with a multiplicity of one, occurring only once in the underlying sequence) are particularly useful.

Saving /data/djs217/PROJECTS/44_Pectobacterium/08_unicycler/PRT1.unicycler/002_depth_filter.gfa


Cleaning graph (2026-02-10 20:33:51)
------------------------------------
    Unicycler now performs various cleaning procedures on the graph to remove overlaps and simplify the graph structure. The end result is a graph ready for bridging.

Graph overlaps removed

Removed zero-length segments:
    77, 80, 82, 85, 86, 88, 92, 96, 97, 107, 114, 117, 122, 131, 132, 134, 138, 146

Removed zero-length segments:
    113

Merged small segments:
    140, 141, 142, 144

Saving /data/djs217/PROJECTS/44_Pectobacterium/08_unicycler/PRT1.unicycler/003_overlaps_removed.gfa

    Unicycler now selects a set of anchor contigs from the single-copy contigs. These are the contigs which will be connected via bridges to form the final assembly.

26 anchor segments (4,598,632 bp) out of 124 total segments (4,637,136 bp)


Creating SPAdes contig bridges (2026-02-10 20:33:51)
----------------------------------------------------
    SPAdes uses paired-end information to perform repeat resolution (RR) and produce contigs from the assembly graph. SPAdes saves the graph paths corresponding to these contigs in the contigs.paths file. When one of these paths contains two or more anchor contigs, Unicycler can create a bridge from the path.

                                                                                                                     Bridge
Start                                                  Path                                                 End     quality
  -12                        61 -> -70 -> -49 -> 28 -> 61 -> -69 -> -49 -> 26 -> -57                        14          7.2
   -8                                            -63 -> 36 -> -63                                           9          14.5
    2                                                   46                                                  6          63.2
    9             -108 -> -56 -> -64 -> -66 -> -48 -> -86 -> 94 -> 45 -> 100 -> 117 -> 50 -> 67             5          23.2
   11   58 -> -40 -> 77 -> 84 -> 62 -> 75 -> 74 -> -37 -> 77 -> -83 -> 62 -> 76 -> 74 -> 58 -> -38 -> -83   -16         2.1
   18                -108 -> -56 -> 65 -> 52 -> -53 -> -86 -> -95 -> 45 -> -102 -> 117 -> 50                13         24.9
   19             -67 -> -50 -> -115 -> 102 -> -45 -> -94 -> -85 -> 53 -> -92 -> 66 -> -65 -> 56            16         23.2
   20                                            46 -> -39 -> -57                                           17         30.0


Creating loop unrolling bridges (2026-02-10 20:33:51)
-----------------------------------------------------
    When a SPAdes contig path connects an anchor contig with the middle contig of a simple loop, Unicycler concludes that the sequences are contiguous (i.e. the loop is not a separate piece of DNA). It then uses the read depth of the middle and repeat contigs to guess the number of times to traverse the loop and makes a bridge.

                                  Loop count   Loop count    Loop    Bridge
Start   Repeat   Middle     End    by repeat    by middle   count   quality
   -8      -63       36       9         1.31         1.09       1      38.7


Applying bridges (2026-02-10 20:33:51)
--------------------------------------
    Unicycler now applies to the graph in decreasing order of quality. This ensures that when multiple, contradictory bridges exist, the most supported option is used.

Bridge type   Start -> end   Path                                       Quality
SPAdes           2 -> 6      46                                          63.156
SPAdes          20 -> 17     46, -39, -57                                29.965
SPAdes          18 -> 13     -108, -56, 65, 52, -53, -86, -95, 45,       24.947
                             -102, 117, 50                                     
SPAdes          19 -> 16     -67, -50, -115, 102, -45, -94, -85, 53,     23.247
                             -92, 66, -65, 56                                  
SPAdes           9 -> 5      -108, -56, -64, -66, -48, -86, 94, 45,      23.161
                             100, 117, 50, 67                                  
SPAdes          -8 -> 9      -63, 36, -63                                14.536

Saving /data/djs217/PROJECTS/44_Pectobacterium/08_unicycler/PRT1.unicycler/004_bridges_applied.gfa


Bridged assembly graph (2026-02-10 20:33:51)
--------------------------------------------
    The assembly is now mostly finished and no more structural changes will be made. Ideally the assembly graph should now have one contig per replicon and no erroneous contigs (i.e. a complete assembly). If there are more contigs, then the assembly is not complete.

Saving /data/djs217/PROJECTS/44_Pectobacterium/08_unicycler/PRT1.unicycler/005_final_clean.gfa

Component   Segments   Links   Length      N50       Longest segment   Status    
        1         87     121   4,639,176   470,702           812,158   incomplete


Assembly complete (2026-02-10 20:33:51)
---------------------------------------
Saving /data/djs217/PROJECTS/44_Pectobacterium/08_unicycler/PRT1.unicycler/assembly.gfa
Saving /data/djs217/PROJECTS/44_Pectobacterium/08_unicycler/PRT1.unicycler/assembly.fasta

